// Jest Snapshot v1, https://goo.gl/fbAQLP

exports[`Testing <Header/> Header have rendered correctly 1`] = `
ShallowWrapper {
  Symbol(enzyme.__root__): [Circular],
  Symbol(enzyme.__unrendered__): <Header />,
  Symbol(enzyme.__renderer__): Object {
    "batchedUpdates": [Function],
    "checkPropTypes": [Function],
    "getNode": [Function],
    "render": [Function],
    "simulateError": [Function],
    "simulateEvent": [Function],
    "unmount": [Function],
  },
  Symbol(enzyme.__node__): Object {
    "instance": null,
    "key": undefined,
    "nodeType": "host",
    "props": Object {
      "children": Array [
        <div
          className="header-title"
        >
          <ForwardRef
            to="/"
          >
            Game of Thrones DB
          </ForwardRef>
        </div>,
        <ul
          className="header-links"
        >
          <li>
            <ForwardRef
              className="header-link"
              to="/characters/"
            >
              Characters
            </ForwardRef>
          </li>
          <li>
            <ForwardRef
              className="header-link"
              to="/houses/"
            >
              Houses
            </ForwardRef>
          </li>
          <li>
            <ForwardRef
              className="header-link"
              to="/books/"
            >
              Books
            </ForwardRef>
          </li>
        </ul>,
      ],
      "className": "header-block",
    },
    "ref": null,
    "rendered": Array [
      Object {
        "instance": null,
        "key": undefined,
        "nodeType": "host",
        "props": Object {
          "children": <ForwardRef
            to="/"
          >
            Game of Thrones DB
          </ForwardRef>,
          "className": "header-title",
        },
        "ref": null,
        "rendered": Object {
          "instance": null,
          "key": undefined,
          "nodeType": "function",
          "props": Object {
            "children": "Game of Thrones DB",
            "to": "/",
          },
          "ref": null,
          "rendered": "Game of Thrones DB",
          "type": Object {
            "$$typeof": Symbol(react.forward_ref),
            "displayName": "Link",
            "propTypes": Object {
              "innerRef": [Function],
              "onClick": [Function],
              "replace": [Function],
              "target": [Function],
              "to": [Function],
            },
            "render": [Function],
          },
        },
        "type": "div",
      },
      Object {
        "instance": null,
        "key": undefined,
        "nodeType": "host",
        "props": Object {
          "children": Array [
            <li>
              <ForwardRef
                className="header-link"
                to="/characters/"
              >
                Characters
              </ForwardRef>
            </li>,
            <li>
              <ForwardRef
                className="header-link"
                to="/houses/"
              >
                Houses
              </ForwardRef>
            </li>,
            <li>
              <ForwardRef
                className="header-link"
                to="/books/"
              >
                Books
              </ForwardRef>
            </li>,
          ],
          "className": "header-links",
        },
        "ref": null,
        "rendered": Array [
          Object {
            "instance": null,
            "key": undefined,
            "nodeType": "host",
            "props": Object {
              "children": <ForwardRef
                className="header-link"
                to="/characters/"
              >
                Characters
              </ForwardRef>,
            },
            "ref": null,
            "rendered": Object {
              "instance": null,
              "key": undefined,
              "nodeType": "function",
              "props": Object {
                "children": "Characters",
                "className": "header-link",
                "to": "/characters/",
              },
              "ref": null,
              "rendered": "Characters",
              "type": Object {
                "$$typeof": Symbol(react.forward_ref),
                "displayName": "Link",
                "propTypes": Object {
                  "innerRef": [Function],
                  "onClick": [Function],
                  "replace": [Function],
                  "target": [Function],
                  "to": [Function],
                },
                "render": [Function],
              },
            },
            "type": "li",
          },
          Object {
            "instance": null,
            "key": undefined,
            "nodeType": "host",
            "props": Object {
              "children": <ForwardRef
                className="header-link"
                to="/houses/"
              >
                Houses
              </ForwardRef>,
            },
            "ref": null,
            "rendered": Object {
              "instance": null,
              "key": undefined,
              "nodeType": "function",
              "props": Object {
                "children": "Houses",
                "className": "header-link",
                "to": "/houses/",
              },
              "ref": null,
              "rendered": "Houses",
              "type": Object {
                "$$typeof": Symbol(react.forward_ref),
                "displayName": "Link",
                "propTypes": Object {
                  "innerRef": [Function],
                  "onClick": [Function],
                  "replace": [Function],
                  "target": [Function],
                  "to": [Function],
                },
                "render": [Function],
              },
            },
            "type": "li",
          },
          Object {
            "instance": null,
            "key": undefined,
            "nodeType": "host",
            "props": Object {
              "children": <ForwardRef
                className="header-link"
                to="/books/"
              >
                Books
              </ForwardRef>,
            },
            "ref": null,
            "rendered": Object {
              "instance": null,
              "key": undefined,
              "nodeType": "function",
              "props": Object {
                "children": "Books",
                "className": "header-link",
                "to": "/books/",
              },
              "ref": null,
              "rendered": "Books",
              "type": Object {
                "$$typeof": Symbol(react.forward_ref),
                "displayName": "Link",
                "propTypes": Object {
                  "innerRef": [Function],
                  "onClick": [Function],
                  "replace": [Function],
                  "target": [Function],
                  "to": [Function],
                },
                "render": [Function],
              },
            },
            "type": "li",
          },
        ],
        "type": "ul",
      },
    ],
    "type": "div",
  },
  Symbol(enzyme.__nodes__): Array [
    Object {
      "instance": null,
      "key": undefined,
      "nodeType": "host",
      "props": Object {
        "children": Array [
          <div
            className="header-title"
          >
            <ForwardRef
              to="/"
            >
              Game of Thrones DB
            </ForwardRef>
          </div>,
          <ul
            className="header-links"
          >
            <li>
              <ForwardRef
                className="header-link"
                to="/characters/"
              >
                Characters
              </ForwardRef>
            </li>
            <li>
              <ForwardRef
                className="header-link"
                to="/houses/"
              >
                Houses
              </ForwardRef>
            </li>
            <li>
              <ForwardRef
                className="header-link"
                to="/books/"
              >
                Books
              </ForwardRef>
            </li>
          </ul>,
        ],
        "className": "header-block",
      },
      "ref": null,
      "rendered": Array [
        Object {
          "instance": null,
          "key": undefined,
          "nodeType": "host",
          "props": Object {
            "children": <ForwardRef
              to="/"
            >
              Game of Thrones DB
            </ForwardRef>,
            "className": "header-title",
          },
          "ref": null,
          "rendered": Object {
            "instance": null,
            "key": undefined,
            "nodeType": "function",
            "props": Object {
              "children": "Game of Thrones DB",
              "to": "/",
            },
            "ref": null,
            "rendered": "Game of Thrones DB",
            "type": Object {
              "$$typeof": Symbol(react.forward_ref),
              "displayName": "Link",
              "propTypes": Object {
                "innerRef": [Function],
                "onClick": [Function],
                "replace": [Function],
                "target": [Function],
                "to": [Function],
              },
              "render": [Function],
            },
          },
          "type": "div",
        },
        Object {
          "instance": null,
          "key": undefined,
          "nodeType": "host",
          "props": Object {
            "children": Array [
              <li>
                <ForwardRef
                  className="header-link"
                  to="/characters/"
                >
                  Characters
                </ForwardRef>
              </li>,
              <li>
                <ForwardRef
                  className="header-link"
                  to="/houses/"
                >
                  Houses
                </ForwardRef>
              </li>,
              <li>
                <ForwardRef
                  className="header-link"
                  to="/books/"
                >
                  Books
                </ForwardRef>
              </li>,
            ],
            "className": "header-links",
          },
          "ref": null,
          "rendered": Array [
            Object {
              "instance": null,
              "key": undefined,
              "nodeType": "host",
              "props": Object {
                "children": <ForwardRef
                  className="header-link"
                  to="/characters/"
                >
                  Characters
                </ForwardRef>,
              },
              "ref": null,
              "rendered": Object {
                "instance": null,
                "key": undefined,
                "nodeType": "function",
                "props": Object {
                  "children": "Characters",
                  "className": "header-link",
                  "to": "/characters/",
                },
                "ref": null,
                "rendered": "Characters",
                "type": Object {
                  "$$typeof": Symbol(react.forward_ref),
                  "displayName": "Link",
                  "propTypes": Object {
                    "innerRef": [Function],
                    "onClick": [Function],
                    "replace": [Function],
                    "target": [Function],
                    "to": [Function],
                  },
                  "render": [Function],
                },
              },
              "type": "li",
            },
            Object {
              "instance": null,
              "key": undefined,
              "nodeType": "host",
              "props": Object {
                "children": <ForwardRef
                  className="header-link"
                  to="/houses/"
                >
                  Houses
                </ForwardRef>,
              },
              "ref": null,
              "rendered": Object {
                "instance": null,
                "key": undefined,
                "nodeType": "function",
                "props": Object {
                  "children": "Houses",
                  "className": "header-link",
                  "to": "/houses/",
                },
                "ref": null,
                "rendered": "Houses",
                "type": Object {
                  "$$typeof": Symbol(react.forward_ref),
                  "displayName": "Link",
                  "propTypes": Object {
                    "innerRef": [Function],
                    "onClick": [Function],
                    "replace": [Function],
                    "target": [Function],
                    "to": [Function],
                  },
                  "render": [Function],
                },
              },
              "type": "li",
            },
            Object {
              "instance": null,
              "key": undefined,
              "nodeType": "host",
              "props": Object {
                "children": <ForwardRef
                  className="header-link"
                  to="/books/"
                >
                  Books
                </ForwardRef>,
              },
              "ref": null,
              "rendered": Object {
                "instance": null,
                "key": undefined,
                "nodeType": "function",
                "props": Object {
                  "children": "Books",
                  "className": "header-link",
                  "to": "/books/",
                },
                "ref": null,
                "rendered": "Books",
                "type": Object {
                  "$$typeof": Symbol(react.forward_ref),
                  "displayName": "Link",
                  "propTypes": Object {
                    "innerRef": [Function],
                    "onClick": [Function],
                    "replace": [Function],
                    "target": [Function],
                    "to": [Function],
                  },
                  "render": [Function],
                },
              },
              "type": "li",
            },
          ],
          "type": "ul",
        },
      ],
      "type": "div",
    },
  ],
  Symbol(enzyme.__options__): Object {
    "adapter": ReactSixteenAdapter {
      "options": Object {
        "enableComponentDidUpdateOnSetState": true,
        "legacyContextMode": "parent",
        "lifecycles": Object {
          "componentDidUpdate": Object {
            "onSetState": true,
          },
          "getChildContext": Object {
            "calledByRenderer": false,
          },
          "getDerivedStateFromError": true,
          "getDerivedStateFromProps": Object {
            "hasShouldComponentUpdateBug": false,
          },
          "getSnapshotBeforeUpdate": true,
          "setState": Object {
            "skipsComponentDidUpdateOnNullish": true,
          },
        },
      },
    },
    Symbol(enzyme.__providerValues__): undefined,
  },
  Symbol(enzyme.__providerValues__): Map {},
}
`;
